Traceback (most recent call last):
  File "/home/runner/micromamba/envs/xbatcher-ML-1-cookbook-dev/lib/python3.12/site-packages/jupyter_core/utils/__init__.py", line 154, in wrapped
    asyncio.get_running_loop()
RuntimeError: no running event loop

During handling of the above exception, another exception occurred:

Traceback (most recent call last):
  File "/home/runner/micromamba/envs/xbatcher-ML-1-cookbook-dev/lib/python3.12/site-packages/jupyter_cache/executors/utils.py", line 58, in single_nb_execution
    executenb(
  File "/home/runner/micromamba/envs/xbatcher-ML-1-cookbook-dev/lib/python3.12/site-packages/nbclient/client.py", line 1319, in execute
    return NotebookClient(nb=nb, resources=resources, km=km, **kwargs).execute()
           ^^^^^^^^^^^^^^^^^^^^^^^^^^^^^^^^^^^^^^^^^^^^^^^^^^^^^^^^^^^^^^^^^^^^^
  File "/home/runner/micromamba/envs/xbatcher-ML-1-cookbook-dev/lib/python3.12/site-packages/jupyter_core/utils/__init__.py", line 158, in wrapped
    return loop.run_until_complete(inner)
           ^^^^^^^^^^^^^^^^^^^^^^^^^^^^^^
  File "/home/runner/micromamba/envs/xbatcher-ML-1-cookbook-dev/lib/python3.12/asyncio/base_events.py", line 691, in run_until_complete
    return future.result()
           ^^^^^^^^^^^^^^^
  File "/home/runner/micromamba/envs/xbatcher-ML-1-cookbook-dev/lib/python3.12/site-packages/nbclient/client.py", line 709, in async_execute
    await self.async_execute_cell(
  File "/home/runner/micromamba/envs/xbatcher-ML-1-cookbook-dev/lib/python3.12/site-packages/nbclient/client.py", line 1062, in async_execute_cell
    await self._check_raise_for_error(cell, cell_index, exec_reply)
  File "/home/runner/micromamba/envs/xbatcher-ML-1-cookbook-dev/lib/python3.12/site-packages/nbclient/client.py", line 918, in _check_raise_for_error
    raise CellExecutionError.from_cell_and_msg(cell, exec_reply_content)
nbclient.exceptions.CellExecutionError: An error occurred while executing the following cell:
------------------
prepare_data(sc5, 200, 1000, 1000, 200)
------------------


[31m---------------------------------------------------------------------------[39m
[31mValueError[39m                                Traceback (most recent call last)
[36mCell[39m[36m [39m[32mIn[6][39m[32m, line 1[39m
[32m----> [39m[32m1[39m [43mprepare_data[49m[43m([49m[43msc5[49m[43m,[49m[43m [49m[32;43m200[39;49m[43m,[49m[43m [49m[32;43m1000[39;49m[43m,[49m[43m [49m[32;43m1000[39;49m[43m,[49m[43m [49m[32;43m200[39;49m[43m)[49m

[36mFile [39m[32m/tmp/ipykernel_3703/3337232756.py:3[39m, in [36mprepare_data[39m[34m(sc, training_time, test_time, predict_time, mask_time)[39m
[32m      1[39m [38;5;28;01mdef[39;00m[38;5;250m [39m[34mprepare_data[39m(sc, training_time, test_time, predict_time, mask_time=[32m11[39m):
[32m      2[39m     cat = open_catalog([33m"[39m[33mhttps://raw.githubusercontent.com/pangeo-data/pangeo-datastore/master/intake-catalogs/ocean/CESM_POP.yaml[39m[33m"[39m)
[32m----> [39m[32m3[39m     ds  = [43mcat[49m[43m[[49m[33;43m"[39;49m[33;43mCESM_POP_hires_control[39;49m[33;43m"[39;49m[43m][49m[43m.[49m[43mto_dask[49m[43m([49m[43m)[49m
[32m      4[39m     ds = ds.rename({[33m'[39m[33mU1_1[39m[33m'[39m:[33m'[39m[33mU[39m[33m'[39m, [33m'[39m[33mV1_1[39m[33m'[39m:[33m'[39m[33mV[39m[33m'[39m, [33m'[39m[33mTAUX_2[39m[33m'[39m:[33m'[39m[33mTAUX[39m[33m'[39m, [33m'[39m[33mTAUY_2[39m[33m'[39m:[33m'[39m[33mTAUY[39m[33m'[39m, [33m'[39m[33mSSH_2[39m[33m'[39m:[33m'[39m[33mSSH[39m[33m'[39m, [33m'[39m[33mULONG[39m[33m'[39m:[33m'[39m[33mXU[39m[33m'[39m, [33m'[39m[33mULAT[39m[33m'[39m:[33m'[39m[33mYU[39m[33m'[39m})
[32m      5[39m     ds = add_grid(ds)

[36mFile [39m[32m~/micromamba/envs/xbatcher-ML-1-cookbook-dev/lib/python3.12/site-packages/intake_xarray/base.py:8[39m, in [36mIntakeXarraySourceAdapter.to_dask[39m[34m(self)[39m
[32m      6[39m [38;5;28;01mdef[39;00m[38;5;250m [39m[34mto_dask[39m([38;5;28mself[39m):
[32m      7[39m     [38;5;28;01mif[39;00m [33m"[39m[33mchunks[39m[33m"[39m [38;5;129;01mnot[39;00m [38;5;129;01min[39;00m [38;5;28mself[39m.reader.kwargs:
[32m----> [39m[32m8[39m         [38;5;28;01mreturn[39;00m [38;5;28;43mself[39;49m[43m.[49m[43mreader[49m[43m([49m[43mchunks[49m[43m=[49m[43m{[49m[43m}[49m[43m)[49m[43m.[49m[43mread[49m[43m([49m[43m)[49m
[32m      9[39m     [38;5;28;01melse[39;00m:
[32m     10[39m         [38;5;28;01mreturn[39;00m [38;5;28mself[39m.reader.read()

[36mFile [39m[32m~/micromamba/envs/xbatcher-ML-1-cookbook-dev/lib/python3.12/site-packages/intake/readers/readers.py:121[39m, in [36mBaseReader.read[39m[34m(self, *args, **kwargs)[39m
[32m    119[39m kw.update(kwargs)
[32m    120[39m args = kw.pop([33m"[39m[33margs[39m[33m"[39m, ()) [38;5;129;01mor[39;00m args
[32m--> [39m[32m121[39m [38;5;28;01mreturn[39;00m [38;5;28;43mself[39;49m[43m.[49m[43m_read[49m[43m([49m[43m*[49m[43margs[49m[43m,[49m[43m [49m[43m*[49m[43m*[49m[43mkw[49m[43m)[49m

[36mFile [39m[32m~/micromamba/envs/xbatcher-ML-1-cookbook-dev/lib/python3.12/site-packages/intake/readers/readers.py:1327[39m, in [36mXArrayDatasetReader._read[39m[34m(self, data, open_local, **kw)[39m
[32m   1325[39m         f = fsspec.open(data.url, **(data.storage_options [38;5;129;01mor[39;00m {})).open()
[32m   1326[39m         [38;5;28;01mreturn[39;00m open_dataset(f, **kw)
[32m-> [39m[32m1327[39m [38;5;28;01mreturn[39;00m [43mopen_dataset[49m[43m([49m[43mdata[49m[43m.[49m[43murl[49m[43m,[49m[43m [49m[43m*[49m[43m*[49m[43mkw[49m[43m)[49m

[36mFile [39m[32m~/micromamba/envs/xbatcher-ML-1-cookbook-dev/lib/python3.12/site-packages/xarray/backends/api.py:687[39m, in [36mopen_dataset[39m[34m(filename_or_obj, engine, chunks, cache, decode_cf, mask_and_scale, decode_times, decode_timedelta, use_cftime, concat_characters, decode_coords, drop_variables, inline_array, chunked_array_type, from_array_kwargs, backend_kwargs, **kwargs)[39m
[32m    675[39m decoders = _resolve_decoders_kwargs(
[32m    676[39m     decode_cf,
[32m    677[39m     open_backend_dataset_parameters=backend.open_dataset_parameters,
[32m   (...)[39m[32m    683[39m     decode_coords=decode_coords,
[32m    684[39m )
[32m    686[39m overwrite_encoded_chunks = kwargs.pop([33m"[39m[33moverwrite_encoded_chunks[39m[33m"[39m, [38;5;28;01mNone[39;00m)
[32m--> [39m[32m687[39m backend_ds = [43mbackend[49m[43m.[49m[43mopen_dataset[49m[43m([49m
[32m    688[39m [43m    [49m[43mfilename_or_obj[49m[43m,[49m
[32m    689[39m [43m    [49m[43mdrop_variables[49m[43m=[49m[43mdrop_variables[49m[43m,[49m
[32m    690[39m [43m    [49m[43m*[49m[43m*[49m[43mdecoders[49m[43m,[49m
[32m    691[39m [43m    [49m[43m*[49m[43m*[49m[43mkwargs[49m[43m,[49m
[32m    692[39m [43m[49m[43m)[49m
[32m    693[39m ds = _dataset_from_backend_dataset(
[32m    694[39m     backend_ds,
[32m    695[39m     filename_or_obj,
[32m   (...)[39m[32m    705[39m     **kwargs,
[32m    706[39m )
[32m    707[39m [38;5;28;01mreturn[39;00m ds

[36mFile [39m[32m~/micromamba/envs/xbatcher-ML-1-cookbook-dev/lib/python3.12/site-packages/xarray/backends/zarr.py:1578[39m, in [36mZarrBackendEntrypoint.open_dataset[39m[34m(self, filename_or_obj, mask_and_scale, decode_times, concat_characters, decode_coords, drop_variables, use_cftime, decode_timedelta, group, mode, synchronizer, consolidated, chunk_store, storage_options, zarr_version, zarr_format, store, engine, use_zarr_fill_value_as_mask, cache_members)[39m
[32m   1576[39m filename_or_obj = _normalize_path(filename_or_obj)
[32m   1577[39m [38;5;28;01mif[39;00m [38;5;129;01mnot[39;00m store:
[32m-> [39m[32m1578[39m     store = [43mZarrStore[49m[43m.[49m[43mopen_group[49m[43m([49m
[32m   1579[39m [43m        [49m[43mfilename_or_obj[49m[43m,[49m
[32m   1580[39m [43m        [49m[43mgroup[49m[43m=[49m[43mgroup[49m[43m,[49m
[32m   1581[39m [43m        [49m[43mmode[49m[43m=[49m[43mmode[49m[43m,[49m
[32m   1582[39m [43m        [49m[43msynchronizer[49m[43m=[49m[43msynchronizer[49m[43m,[49m
[32m   1583[39m [43m        [49m[43mconsolidated[49m[43m=[49m[43mconsolidated[49m[43m,[49m
[32m   1584[39m [43m        [49m[43mconsolidate_on_close[49m[43m=[49m[38;5;28;43;01mFalse[39;49;00m[43m,[49m
[32m   1585[39m [43m        [49m[43mchunk_store[49m[43m=[49m[43mchunk_store[49m[43m,[49m
[32m   1586[39m [43m        [49m[43mstorage_options[49m[43m=[49m[43mstorage_options[49m[43m,[49m
[32m   1587[39m [43m        [49m[43mzarr_version[49m[43m=[49m[43mzarr_version[49m[43m,[49m
[32m   1588[39m [43m        [49m[43muse_zarr_fill_value_as_mask[49m[43m=[49m[38;5;28;43;01mNone[39;49;00m[43m,[49m
[32m   1589[39m [43m        [49m[43mzarr_format[49m[43m=[49m[43mzarr_format[49m[43m,[49m
[32m   1590[39m [43m        [49m[43mcache_members[49m[43m=[49m[43mcache_members[49m[43m,[49m
[32m   1591[39m [43m    [49m[43m)[49m
[32m   1593[39m store_entrypoint = StoreBackendEntrypoint()
[32m   1594[39m [38;5;28;01mwith[39;00m close_on_error(store):

[36mFile [39m[32m~/micromamba/envs/xbatcher-ML-1-cookbook-dev/lib/python3.12/site-packages/xarray/backends/zarr.py:664[39m, in [36mZarrStore.open_group[39m[34m(cls, store, mode, synchronizer, group, consolidated, consolidate_on_close, chunk_store, storage_options, append_dim, write_region, safe_chunks, align_chunks, zarr_version, zarr_format, use_zarr_fill_value_as_mask, write_empty, cache_members)[39m
[32m    638[39m [38;5;129m@classmethod[39m
[32m    639[39m [38;5;28;01mdef[39;00m[38;5;250m [39m[34mopen_group[39m(
[32m    640[39m     [38;5;28mcls[39m,
[32m   (...)[39m[32m    657[39m     cache_members: [38;5;28mbool[39m = [38;5;28;01mTrue[39;00m,
[32m    658[39m ):
[32m    659[39m     (
[32m    660[39m         zarr_group,
[32m    661[39m         consolidate_on_close,
[32m    662[39m         close_store_on_close,
[32m    663[39m         use_zarr_fill_value_as_mask,
[32m--> [39m[32m664[39m     ) = [43m_get_open_params[49m[43m([49m
[32m    665[39m [43m        [49m[43mstore[49m[43m=[49m[43mstore[49m[43m,[49m
[32m    666[39m [43m        [49m[43mmode[49m[43m=[49m[43mmode[49m[43m,[49m
[32m    667[39m [43m        [49m[43msynchronizer[49m[43m=[49m[43msynchronizer[49m[43m,[49m
[32m    668[39m [43m        [49m[43mgroup[49m[43m=[49m[43mgroup[49m[43m,[49m
[32m    669[39m [43m        [49m[43mconsolidated[49m[43m=[49m[43mconsolidated[49m[43m,[49m
[32m    670[39m [43m        [49m[43mconsolidate_on_close[49m[43m=[49m[43mconsolidate_on_close[49m[43m,[49m
[32m    671[39m [43m        [49m[43mchunk_store[49m[43m=[49m[43mchunk_store[49m[43m,[49m
[32m    672[39m [43m        [49m[43mstorage_options[49m[43m=[49m[43mstorage_options[49m[43m,[49m
[32m    673[39m [43m        [49m[43mzarr_version[49m[43m=[49m[43mzarr_version[49m[43m,[49m
[32m    674[39m [43m        [49m[43muse_zarr_fill_value_as_mask[49m[43m=[49m[43muse_zarr_fill_value_as_mask[49m[43m,[49m
[32m    675[39m [43m        [49m[43mzarr_format[49m[43m=[49m[43mzarr_format[49m[43m,[49m
[32m    676[39m [43m    [49m[43m)[49m
[32m    678[39m     [38;5;28;01mreturn[39;00m [38;5;28mcls[39m(
[32m    679[39m         zarr_group,
[32m    680[39m         mode,
[32m   (...)[39m[32m    689[39m         cache_members=cache_members,
[32m    690[39m     )

[36mFile [39m[32m~/micromamba/envs/xbatcher-ML-1-cookbook-dev/lib/python3.12/site-packages/xarray/backends/zarr.py:1777[39m, in [36m_get_open_params[39m[34m(store, mode, synchronizer, group, consolidated, consolidate_on_close, chunk_store, storage_options, zarr_version, use_zarr_fill_value_as_mask, zarr_format)[39m
[32m   1773[39m group = open_kwargs.pop([33m"[39m[33mpath[39m[33m"[39m)
[32m   1775[39m [38;5;28;01mif[39;00m consolidated:
[32m   1776[39m     [38;5;66;03m# TODO: an option to pass the metadata_key keyword[39;00m
[32m-> [39m[32m1777[39m     zarr_root_group = [43mzarr[49m[43m.[49m[43mopen_consolidated[49m[43m([49m[43mstore[49m[43m,[49m[43m [49m[43m*[49m[43m*[49m[43mopen_kwargs[49m[43m)[49m
[32m   1778[39m [38;5;28;01melif[39;00m consolidated [38;5;129;01mis[39;00m [38;5;28;01mNone[39;00m:
[32m   1779[39m     [38;5;66;03m# same but with more error handling in case no consolidated metadata found[39;00m
[32m   1780[39m     [38;5;28;01mtry[39;00m:

[36mFile [39m[32m~/micromamba/envs/xbatcher-ML-1-cookbook-dev/lib/python3.12/site-packages/zarr/api/synchronous.py:217[39m, in [36mopen_consolidated[39m[34m(use_consolidated, *args, **kwargs)[39m
[32m    212[39m [38;5;28;01mdef[39;00m[38;5;250m [39m[34mopen_consolidated[39m(*args: Any, use_consolidated: Literal[[38;5;28;01mTrue[39;00m] = [38;5;28;01mTrue[39;00m, **kwargs: Any) -> Group:
[32m    213[39m [38;5;250m    [39m[33;03m"""[39;00m
[32m    214[39m [33;03m    Alias for :func:`open_group` with ``use_consolidated=True``.[39;00m
[32m    215[39m [33;03m    """[39;00m
[32m    216[39m     [38;5;28;01mreturn[39;00m Group(
[32m--> [39m[32m217[39m         [43msync[49m[43m([49m[43masync_api[49m[43m.[49m[43mopen_consolidated[49m[43m([49m[43m*[49m[43margs[49m[43m,[49m[43m [49m[43muse_consolidated[49m[43m=[49m[43muse_consolidated[49m[43m,[49m[43m [49m[43m*[49m[43m*[49m[43mkwargs[49m[43m)[49m[43m)[49m
[32m    218[39m     )

[36mFile [39m[32m~/micromamba/envs/xbatcher-ML-1-cookbook-dev/lib/python3.12/site-packages/zarr/core/sync.py:163[39m, in [36msync[39m[34m(coro, loop, timeout)[39m
[32m    160[39m return_result = [38;5;28mnext[39m([38;5;28miter[39m(finished)).result()
[32m    162[39m [38;5;28;01mif[39;00m [38;5;28misinstance[39m(return_result, [38;5;167;01mBaseException[39;00m):
[32m--> [39m[32m163[39m     [38;5;28;01mraise[39;00m return_result
[32m    164[39m [38;5;28;01melse[39;00m:
[32m    165[39m     [38;5;28;01mreturn[39;00m return_result

[36mFile [39m[32m~/micromamba/envs/xbatcher-ML-1-cookbook-dev/lib/python3.12/site-packages/zarr/core/sync.py:119[39m, in [36m_runner[39m[34m(coro)[39m
[32m    114[39m [38;5;250m[39m[33;03m"""[39;00m
[32m    115[39m [33;03mAwait a coroutine and return the result of running it. If awaiting the coroutine raises an[39;00m
[32m    116[39m [33;03mexception, the exception will be returned.[39;00m
[32m    117[39m [33;03m"""[39;00m
[32m    118[39m [38;5;28;01mtry[39;00m:
[32m--> [39m[32m119[39m     [38;5;28;01mreturn[39;00m [38;5;28;01mawait[39;00m coro
[32m    120[39m [38;5;28;01mexcept[39;00m [38;5;167;01mException[39;00m [38;5;28;01mas[39;00m ex:
[32m    121[39m     [38;5;28;01mreturn[39;00m ex

[36mFile [39m[32m~/micromamba/envs/xbatcher-ML-1-cookbook-dev/lib/python3.12/site-packages/zarr/api/asynchronous.py:362[39m, in [36mopen_consolidated[39m[34m(use_consolidated, *args, **kwargs)[39m
[32m    357[39m [38;5;28;01mif[39;00m use_consolidated [38;5;129;01mis[39;00m [38;5;129;01mnot[39;00m [38;5;28;01mTrue[39;00m:
[32m    358[39m     [38;5;28;01mraise[39;00m [38;5;167;01mTypeError[39;00m(
[32m    359[39m         [33m"[39m[33m'[39m[33muse_consolidated[39m[33m'[39m[33m must be [39m[33m'[39m[33mTrue[39m[33m'[39m[33m in [39m[33m'[39m[33mopen_consolidated[39m[33m'[39m[33m. Use [39m[33m'[39m[33mopen[39m[33m'[39m[33m with [39m[33m"[39m
[32m    360[39m         [33m"[39m[33m'[39m[33muse_consolidated=False[39m[33m'[39m[33m to bypass consolidated metadata.[39m[33m"[39m
[32m    361[39m     )
[32m--> [39m[32m362[39m [38;5;28;01mreturn[39;00m [38;5;28;01mawait[39;00m open_group(*args, use_consolidated=use_consolidated, **kwargs)

[36mFile [39m[32m~/micromamba/envs/xbatcher-ML-1-cookbook-dev/lib/python3.12/site-packages/zarr/api/asynchronous.py:825[39m, in [36mopen_group[39m[34m(store, mode, cache_attrs, synchronizer, path, chunk_store, storage_options, zarr_version, zarr_format, meta_array, attributes, use_consolidated)[39m
[32m    823[39m [38;5;28;01mtry[39;00m:
[32m    824[39m     [38;5;28;01mif[39;00m mode [38;5;129;01min[39;00m _READ_MODES:
[32m--> [39m[32m825[39m         [38;5;28;01mreturn[39;00m [38;5;28;01mawait[39;00m AsyncGroup.open(
[32m    826[39m             store_path, zarr_format=zarr_format, use_consolidated=use_consolidated
[32m    827[39m         )
[32m    828[39m [38;5;28;01mexcept[39;00m ([38;5;167;01mKeyError[39;00m, [38;5;167;01mFileNotFoundError[39;00m):
[32m    829[39m     [38;5;28;01mpass[39;00m

[36mFile [39m[32m~/micromamba/envs/xbatcher-ML-1-cookbook-dev/lib/python3.12/site-packages/zarr/core/group.py:538[39m, in [36mAsyncGroup.open[39m[34m(cls, store, zarr_format, use_consolidated)[39m
[32m    531[39m         [38;5;28;01mraise[39;00m [38;5;167;01mFileNotFoundError[39;00m(store_path)
[32m    532[39m [38;5;28;01melif[39;00m zarr_format [38;5;129;01mis[39;00m [38;5;28;01mNone[39;00m:
[32m    533[39m     (
[32m    534[39m         zarr_json_bytes,
[32m    535[39m         zgroup_bytes,
[32m    536[39m         zattrs_bytes,
[32m    537[39m         maybe_consolidated_metadata_bytes,
[32m--> [39m[32m538[39m     ) = [38;5;28;01mawait[39;00m asyncio.gather(
[32m    539[39m         (store_path / ZARR_JSON).get(),
[32m    540[39m         (store_path / ZGROUP_JSON).get(),
[32m    541[39m         (store_path / ZATTRS_JSON).get(),
[32m    542[39m         (store_path / [38;5;28mstr[39m(consolidated_key)).get(),
[32m    543[39m     )
[32m    544[39m     [38;5;28;01mif[39;00m zarr_json_bytes [38;5;129;01mis[39;00m [38;5;129;01mnot[39;00m [38;5;28;01mNone[39;00m [38;5;129;01mand[39;00m zgroup_bytes [38;5;129;01mis[39;00m [38;5;129;01mnot[39;00m [38;5;28;01mNone[39;00m:
[32m    545[39m         [38;5;66;03m# warn and favor v3[39;00m
[32m    546[39m         msg = [33mf[39m[33m"[39m[33mBoth zarr.json (Zarr format 3) and .zgroup (Zarr format 2) metadata objects exist at [39m[38;5;132;01m{[39;00mstore_path[38;5;132;01m}[39;00m[33m. Zarr format 3 will be used.[39m[33m"[39m

[36mFile [39m[32m~/micromamba/envs/xbatcher-ML-1-cookbook-dev/lib/python3.12/site-packages/zarr/storage/_common.py:124[39m, in [36mStorePath.get[39m[34m(self, prototype, byte_range)[39m
[32m    122[39m [38;5;28;01mif[39;00m prototype [38;5;129;01mis[39;00m [38;5;28;01mNone[39;00m:
[32m    123[39m     prototype = default_buffer_prototype()
[32m--> [39m[32m124[39m [38;5;28;01mreturn[39;00m [38;5;28;01mawait[39;00m [38;5;28mself[39m.store.get([38;5;28mself[39m.path, prototype=prototype, byte_range=byte_range)

[36mFile [39m[32m~/micromamba/envs/xbatcher-ML-1-cookbook-dev/lib/python3.12/site-packages/zarr/storage/_fsspec.py:230[39m, in [36mFsspecStore.get[39m[34m(self, key, prototype, byte_range)[39m
[32m    228[39m [38;5;28;01mtry[39;00m:
[32m    229[39m     [38;5;28;01mif[39;00m byte_range [38;5;129;01mis[39;00m [38;5;28;01mNone[39;00m:
[32m--> [39m[32m230[39m         value = prototype.buffer.from_bytes([38;5;28;01mawait[39;00m [38;5;28mself[39m.fs._cat_file(path))
[32m    231[39m     [38;5;28;01melif[39;00m [38;5;28misinstance[39m(byte_range, RangeByteRequest):
[32m    232[39m         value = prototype.buffer.from_bytes(
[32m    233[39m             [38;5;28;01mawait[39;00m [38;5;28mself[39m.fs._cat_file(
[32m    234[39m                 path,
[32m   (...)[39m[32m    237[39m             )
[32m    238[39m         )

[36mFile [39m[32m~/micromamba/envs/xbatcher-ML-1-cookbook-dev/lib/python3.12/site-packages/gcsfs/core.py:1115[39m, in [36mGCSFileSystem._cat_file[39m[34m(self, path, start, end, **kwargs)[39m
[32m   1113[39m [38;5;28;01melse[39;00m:
[32m   1114[39m     head = {}
[32m-> [39m[32m1115[39m headers, out = [38;5;28;01mawait[39;00m [38;5;28mself[39m._call([33m"[39m[33mGET[39m[33m"[39m, u2, headers=head)
[32m   1116[39m [38;5;28;01mreturn[39;00m out

[36mFile [39m[32m~/micromamba/envs/xbatcher-ML-1-cookbook-dev/lib/python3.12/site-packages/gcsfs/core.py:481[39m, in [36mGCSFileSystem._call[39m[34m(self, method, path, json_out, info_out, *args, **kwargs)[39m
[32m    477[39m [38;5;28;01masync[39;00m [38;5;28;01mdef[39;00m[38;5;250m [39m[34m_call[39m(
[32m    478[39m     [38;5;28mself[39m, method, path, *args, json_out=[38;5;28;01mFalse[39;00m, info_out=[38;5;28;01mFalse[39;00m, **kwargs
[32m    479[39m ):
[32m    480[39m     logger.debug([33mf[39m[33m"[39m[38;5;132;01m{[39;00mmethod.upper()[38;5;132;01m}[39;00m[33m: [39m[38;5;132;01m{[39;00mpath[38;5;132;01m}[39;00m[33m, [39m[38;5;132;01m{[39;00margs[38;5;132;01m}[39;00m[33m, [39m[38;5;132;01m{[39;00mkwargs.get([33m'[39m[33mheaders[39m[33m'[39m)[38;5;132;01m}[39;00m[33m"[39m)
[32m--> [39m[32m481[39m     status, headers, info, contents = [38;5;28;01mawait[39;00m [38;5;28mself[39m._request(
[32m    482[39m         method, path, *args, **kwargs
[32m    483[39m     )
[32m    484[39m     [38;5;28;01mif[39;00m json_out:
[32m    485[39m         [38;5;28;01mreturn[39;00m json.loads(contents)

[36mFile [39m[32m~/micromamba/envs/xbatcher-ML-1-cookbook-dev/lib/python3.12/site-packages/decorator.py:224[39m, in [36mdecorate.<locals>.fun[39m[34m(*args, **kw)[39m
[32m    222[39m [38;5;28;01mif[39;00m [38;5;129;01mnot[39;00m kwsyntax:
[32m    223[39m     args, kw = fix(args, kw, sig)
[32m--> [39m[32m224[39m [38;5;28;01mreturn[39;00m [38;5;28;01mawait[39;00m caller(func, *(extras + args), **kw)

[36mFile [39m[32m~/micromamba/envs/xbatcher-ML-1-cookbook-dev/lib/python3.12/site-packages/gcsfs/retry.py:135[39m, in [36mretry_request[39m[34m(func, retries, *args, **kwargs)[39m
[32m    133[39m     [38;5;28;01mif[39;00m retry > [32m0[39m:
[32m    134[39m         [38;5;28;01mawait[39;00m asyncio.sleep([38;5;28mmin[39m(random.random() + [32m2[39m ** (retry - [32m1[39m), [32m32[39m))
[32m--> [39m[32m135[39m     [38;5;28;01mreturn[39;00m [38;5;28;01mawait[39;00m func(*args, **kwargs)
[32m    136[39m [38;5;28;01mexcept[39;00m (
[32m    137[39m     HttpError,
[32m    138[39m     requests.exceptions.RequestException,
[32m   (...)[39m[32m    141[39m     aiohttp.client_exceptions.ClientError,
[32m    142[39m ) [38;5;28;01mas[39;00m e:
[32m    143[39m     [38;5;28;01mif[39;00m (
[32m    144[39m         [38;5;28misinstance[39m(e, HttpError)
[32m    145[39m         [38;5;129;01mand[39;00m e.code == [32m400[39m
[32m    146[39m         [38;5;129;01mand[39;00m [33m"[39m[33mrequester pays[39m[33m"[39m [38;5;129;01min[39;00m e.message
[32m    147[39m     ):

[36mFile [39m[32m~/micromamba/envs/xbatcher-ML-1-cookbook-dev/lib/python3.12/site-packages/gcsfs/core.py:474[39m, in [36mGCSFileSystem._request[39m[34m(self, method, path, headers, json, data, *args, **kwargs)[39m
[32m    471[39m info = r.request_info  [38;5;66;03m# for debug only[39;00m
[32m    472[39m contents = [38;5;28;01mawait[39;00m r.read()
[32m--> [39m[32m474[39m [43mvalidate_response[49m[43m([49m[43mstatus[49m[43m,[49m[43m [49m[43mcontents[49m[43m,[49m[43m [49m[43mpath[49m[43m,[49m[43m [49m[43margs[49m[43m)[49m
[32m    475[39m [38;5;28;01mreturn[39;00m status, headers, info, contents

[36mFile [39m[32m~/micromamba/envs/xbatcher-ML-1-cookbook-dev/lib/python3.12/site-packages/gcsfs/retry.py:120[39m, in [36mvalidate_response[39m[34m(status, content, path, args)[39m
[32m    118[39m     [38;5;28;01mraise[39;00m requests.exceptions.ProxyError()
[32m    119[39m [38;5;28;01melif[39;00m [33m"[39m[33minvalid[39m[33m"[39m [38;5;129;01min[39;00m [38;5;28mstr[39m(msg):
[32m--> [39m[32m120[39m     [38;5;28;01mraise[39;00m [38;5;167;01mValueError[39;00m([33mf[39m[33m"[39m[33mBad Request: [39m[38;5;132;01m{[39;00mpath[38;5;132;01m}[39;00m[38;5;130;01m\n[39;00m[38;5;132;01m{[39;00mmsg[38;5;132;01m}[39;00m[33m"[39m)
[32m    121[39m [38;5;28;01melif[39;00m error [38;5;129;01mand[39;00m [38;5;129;01mnot[39;00m [38;5;28misinstance[39m(error, [38;5;28mstr[39m):
[32m    122[39m     [38;5;28;01mraise[39;00m HttpError(error)

[31mValueError[39m: Bad Request: https://storage.googleapis.com/download/storage/v1/b/pangeo-cesm-pop/o/control%2F.zgroup?alt=media
User project specified in the request is invalid.

